// Jest Snapshot v1, https://goo.gl/fbAQLP

exports[`render the calculator displays the calculator text 1`] = `
<div>
  <div
    class="con-container"
  >
    <p
      class="text-p"
    >
      Lets do some math!
    </p>
    <div
      class="calculator"
    >
      <div
        class="display"
      />
      <div
        class="parent"
      >
        <button
          class="button"
          type="button"
        >
          AC
        </button>
        <button
          class="button"
          type="button"
        >
          +/-
        </button>
        <button
          class="button"
          type="button"
        >
          %
        </button>
        <button
          class="button-color"
          type="button"
        >
          /
        </button>
        <button
          class="button"
          type="button"
        >
          7
        </button>
        <button
          class="button"
          type="button"
        >
          8
        </button>
        <button
          class="button"
          type="button"
        >
          9
        </button>
        <button
          class="button-color"
          type="button"
        >
          *
        </button>
        <button
          class="button"
          type="button"
        >
          4
        </button>
        <button
          class="button"
          type="button"
        >
          5
        </button>
        <button
          class="button"
          type="button"
        >
          6
        </button>
        <button
          class="button-color"
          type="button"
        >
          -
        </button>
        <button
          class="button"
          type="button"
        >
          1
        </button>
        <button
          class="button"
          type="button"
        >
          2
        </button>
        <button
          class="button"
          type="button"
        >
          3
        </button>
        <button
          class="button-color"
          type="button"
        >
          +
        </button>
        <button
          class="button-zero"
          type="button"
        >
          0
        </button>
        <button
          class="button"
          type="button"
        >
          .
        </button>
        <button
          class="button-color"
          type="button"
        >
          =
        </button>
      </div>
    </div>
  </div>
</div>
`;
